// Jest Snapshot v1, https://goo.gl/fbAQLP

exports[`successful render 1`] = `
<p>
  Lorem Ipsum Dolor Amet
</p>
`;
